// Jest Snapshot v1, https://goo.gl/fbAQLP

exports[`Component - H1 matches snapshot 1`] = `
.c0 {
  --border-color: #000;
  color: #000;
  padding: 0.5em;
  text-align: center;
  border-top: 2px solid var(--border-color);
  border-bottom: 2px solid var(--border-color);
  max-width: 95%;
  margin: 0.2em auto;
}

<h1
  className="c0"
>
  PASS
</h1>
`;
