// Jest Snapshot v1, https://goo.gl/fbAQLP

exports[`Component - City renders city with proper widgets 1`] = `
<div
  className="sc-iwsKbI dSEQiH"
>
  <div
    className="sc-gZMcBi dSwc"
  >
    <div
      className="buttons"
    >
      <button
        className="move sc-gqjmRU iKMjOf"
        onClick={[Function]}
        title="Move destination up in list"
      >
        ⬆
      </button>
      <button
        className="remove sc-gqjmRU iKMjOf"
        onClick={[Function]}
        title="Remove from list"
      >
        ✗
      </button>
    </div>
    <h3
      className="sc-VigVT hBMUxy"
    >
      CITY
    </h3>
    <div
      className="sc-jTzLTM gTioxh"
    >
      23
       KM
    </div>
  </div>
  <div
    className="sc-htoDjs lbxQv"
  >
    <div
      className="sc-bZQynM iuqrgX"
    >
      <div
        className="weather-today"
      >
        <div
          className="weather-day sc-EHOje iahMDE"
        >
          <span>
            40
          </span>
           °
          C
          <p>
            sunny
          </p>
        </div>
      </div>
      <div
        className="weather-forecast sc-gzVnrw hKGbEO"
      >
        <div
          className="weather-day sc-EHOje kdmaEr"
        >
          <span>
            39
          </span>
           °
          C
          <p>
            sunny
          </p>
        </div>
        <div
          className="weather-day sc-EHOje kdmaEr"
        >
          <span>
            30
          </span>
           °
          C
          <p>
            shower
          </p>
        </div>
        <div
          className="weather-day sc-EHOje kdmaEr"
        >
          <span>
            34
          </span>
           °
          C
          <p>
            sunny
          </p>
        </div>
      </div>
    </div>
  </div>
  <div
    className="sc-htoDjs lbxQv"
  >
    <div
      className="sc-bdVaJa bDWFJH"
    >
      <h3
        className="sc-bwzfXH ibkAcI"
      >
        Top 0 tourist places:
      </h3>
      <ul
        className="sc-htpNat dKIRsi"
      />
    </div>
  </div>
</div>
`;

exports[`Component - City renders city with widgets in loading state 1`] = `
<div
  className="sc-iwsKbI dSEQiH"
>
  <div
    className="sc-gZMcBi dSwc"
  >
    <div
      className="buttons"
    >
      <button
        className="move sc-gqjmRU iKMjOf"
        onClick={[Function]}
        title="Move destination up in list"
      >
        ⬆
      </button>
      <button
        className="remove sc-gqjmRU iKMjOf"
        onClick={[Function]}
        title="Remove from list"
      >
        ✗
      </button>
    </div>
    <h3
      className="sc-VigVT hBMUxy"
    >
      CITY
    </h3>
    <div
      className="sc-jTzLTM gTioxh"
    >
      ...
    </div>
  </div>
  <div
    className="sc-htoDjs sc-dnqmqq cFffhV"
  >
    <svg
      className="loader"
      height="50"
      stroke="#ff8a00"
      viewBox="0 0 38 38"
      width="50"
      xmlns="http://www.w3.org/2000/svg"
    >
      <g
        fill="none"
        fillRule="evenodd"
      >
        <g
          strokeWidth="2"
          transform="translate(1 1)"
        >
          <circle
            cx="18"
            cy="18"
            r="18"
            strokeOpacity=".5"
          />
          <path
            d="M36 18c0-9.94-8.06-18-18-18"
          >
            <animateTransform
              attributeName="transform"
              dur="1s"
              from="0 18 18"
              repeatCount="indefinite"
              to="360 18 18"
              type="rotate"
            />
          </path>
        </g>
      </g>
    </svg>
  </div>
  <div
    className="sc-htoDjs sc-dnqmqq cFffhV"
  >
    <svg
      className="loader"
      height="50"
      stroke="#ff8a00"
      viewBox="0 0 38 38"
      width="50"
      xmlns="http://www.w3.org/2000/svg"
    >
      <g
        fill="none"
        fillRule="evenodd"
      >
        <g
          strokeWidth="2"
          transform="translate(1 1)"
        >
          <circle
            cx="18"
            cy="18"
            r="18"
            strokeOpacity=".5"
          />
          <path
            d="M36 18c0-9.94-8.06-18-18-18"
          >
            <animateTransform
              attributeName="transform"
              dur="1s"
              from="0 18 18"
              repeatCount="indefinite"
              to="360 18 18"
              type="rotate"
            />
          </path>
        </g>
      </g>
    </svg>
  </div>
</div>
`;
