// Jest Snapshot v1, https://goo.gl/fbAQLP

exports[`Component - City renders city with proper widgets 1`] = `
<div
  className="sc-VigVT hLLesS"
>
  <div
    className="sc-htpNat jMRBuQ"
  >
    <div
      className="buttons"
    >
      <button
        className="move sc-bdVaJa bilwKe"
        color="#fff"
        onClick={[Function]}
        title="Move destination up in list"
      >
        ⬆
      </button>
      <button
        className="remove sc-bdVaJa bxWWPb"
        color="#fff"
        onClick={[Function]}
        title="Remove from list"
      >
        ✗
      </button>
    </div>
    <h2
      className="sc-bwzfXH sc-bxivhb lkVqxl"
      color="#fff"
      size="fsize_08"
    >
      CITY
    </h2>
    <span
      className="sc-bwzfXH sc-ifAKCX hmgNoS"
      color="#fff"
      size="fsize_04"
    >
      23 KM
    </span>
  </div>
  <div
    className="sc-gZMcBi kvMLCZ"
  >
    <div
      className="sc-dnqmqq hEtNIr"
    >
      <div
        className="weather-today"
      >
        <div
          className="weather-day sc-htoDjs lgLQTC"
          style={
            Object {
              "backgroundImage": "url(/images/weather-icons/260.png)",
            }
          }
        >
          <span>
            30
          </span>
          °C
          <p>
            sunny
          </p>
        </div>
      </div>
      <div
        className="weather-forecast sc-iwsKbI ldyCKT"
      >
        <div
          className="weather-day sc-htoDjs aEuTQ"
          style={
            Object {
              "backgroundImage": "url(/images/weather-icons/113.png)",
            }
          }
        >
          <span>
            30
          </span>
          °C
          <p>
            sunny
          </p>
        </div>
        <div
          className="weather-day sc-htoDjs aEuTQ"
          style={
            Object {
              "backgroundImage": "url(/images/weather-icons/119.png)",
            }
          }
        >
          <span>
            35
          </span>
          °C
          <p>
            shower
          </p>
        </div>
        <div
          className="weather-day sc-htoDjs aEuTQ"
          style={
            Object {
              "backgroundImage": "url(/images/weather-icons/179.png)",
            }
          }
        >
          <span>
            32
          </span>
          °C
          <p>
            sunny
          </p>
        </div>
      </div>
    </div>
  </div>
  <div
    className="sc-gZMcBi kvMLCZ"
  >
    <div>
      <h3
        className="sc-bwzfXH cbCUnk"
        color="#000"
        size="fsize_05"
      >
        Top tourist places:
      </h3>
      <ul
        className="sc-gzVnrw jzkUPy"
      />
    </div>
  </div>
</div>
`;

exports[`Component - City renders city with widgets in loading state 1`] = `
<div
  className="sc-VigVT hLLesS"
>
  <div
    className="sc-htpNat jMRBuQ"
  >
    <div
      className="buttons"
    >
      <button
        className="move sc-bdVaJa bilwKe"
        color="#fff"
        onClick={[Function]}
        title="Move destination up in list"
      >
        ⬆
      </button>
      <button
        className="remove sc-bdVaJa bxWWPb"
        color="#fff"
        onClick={[Function]}
        title="Remove from list"
      >
        ✗
      </button>
    </div>
    <h2
      className="sc-bwzfXH sc-bxivhb lkVqxl"
      color="#fff"
      size="fsize_08"
    >
      CITY
    </h2>
    <span
      className="sc-bwzfXH sc-ifAKCX hmgNoS"
      color="#fff"
      size="fsize_04"
    >
      ...
    </span>
  </div>
  <div
    className="sc-gZMcBi sc-gqjmRU JvtnJ"
  >
    <svg
      className="loader"
      height="50"
      stroke="#ff8a00"
      viewBox="0 0 38 38"
      width="50"
      xmlns="http://www.w3.org/2000/svg"
    >
      <g
        fill="none"
        fillRule="evenodd"
      >
        <g
          strokeWidth="2"
          transform="translate(1 1)"
        >
          <circle
            cx="18"
            cy="18"
            r="18"
            strokeOpacity=".5"
          />
          <path
            d="M36 18c0-9.94-8.06-18-18-18"
          >
            <animateTransform
              attributeName="transform"
              dur="1s"
              from="0 18 18"
              repeatCount="indefinite"
              to="360 18 18"
              type="rotate"
            />
          </path>
        </g>
      </g>
    </svg>
  </div>
  <div
    className="sc-gZMcBi sc-gqjmRU JvtnJ"
  >
    <svg
      className="loader"
      height="50"
      stroke="#ff8a00"
      viewBox="0 0 38 38"
      width="50"
      xmlns="http://www.w3.org/2000/svg"
    >
      <g
        fill="none"
        fillRule="evenodd"
      >
        <g
          strokeWidth="2"
          transform="translate(1 1)"
        >
          <circle
            cx="18"
            cy="18"
            r="18"
            strokeOpacity=".5"
          />
          <path
            d="M36 18c0-9.94-8.06-18-18-18"
          >
            <animateTransform
              attributeName="transform"
              dur="1s"
              from="0 18 18"
              repeatCount="indefinite"
              to="360 18 18"
              type="rotate"
            />
          </path>
        </g>
      </g>
    </svg>
  </div>
</div>
`;
