// Jest Snapshot v1, https://goo.gl/fbAQLP

exports[`Components - Places matches snapshot 1`] = `
.c3 {
  -webkit-text-decoration: none;
  text-decoration: none;
  color: #333;
}

.c3:hover,
.c3:focus {
  -webkit-text-decoration: underline;
  text-decoration: underline;
}

.c0 {
  font-family: serif;
  color: #000;
  font-size: 1.25rem;
  line-height: 1.625rem;
  margin: 0.2rem 0;
}

.c2 {
  margin: 0.2rem 0;
}

.c1 {
  margin: 0.5rem 0 0 0.5rem;
}

@media print {
  .c3 {
    color: #000;
  }
}

<div>
  <h3
    className="c0"
    color="#000"
    size="fsize_05"
  >
    Top tourist places:
  </h3>
  <ul
    className="c1"
  >
    <li
      className="c2"
    >
      <span>
        <a
          className="c3"
          href="#1"
        >
          one
        </a>
        :
         
        <em>
          foo
        </em>
      </span>
    </li>
    <li
      className="c2"
    >
      <span>
        <a
          className="c3"
          href="#2"
        >
          two
        </a>
        :
         
        <em>
          bar
        </em>
      </span>
    </li>
  </ul>
</div>
`;
